./scripts/bundle-autoupdate.sh: line 58: make: command not found
== correlix installer bundle 2026.07.17-gfd8a7d7 (full) -> /home/rao/Projects/NetOps_Observability/NetOps_Observability/dist/correlix-2026.07.17-gfd8a7d7
-- building frontend dist/ (fresh)

> netops-frontend@0.1.0 build
> tsc -b && vite build

vite v6.4.3 building for production...
transforming...
✓ 1047 modules transformed.
rendering chunks...
computing gzip size...
dist/index.html                                                       1.09 kB │ gzip:     0.63 kB
dist/assets/space-grotesk-vietnamese-700-normal-DMty7AZE.woff2        4.20 kB
dist/assets/space-grotesk-vietnamese-600-normal-DUi7WF5p.woff2        4.31 kB
dist/assets/space-grotesk-vietnamese-500-normal-BmEvtly_.woff2        4.32 kB
dist/assets/inter-vietnamese-400-normal-DMkecbls.woff2                4.97 kB
dist/assets/inter-vietnamese-600-normal-Cc8MFFhd.woff2                5.10 kB
dist/assets/inter-vietnamese-700-normal-DlLaEgI2.woff2                5.10 kB
dist/assets/inter-vietnamese-500-normal-DOriooB6.woff2                5.11 kB
dist/assets/inter-greek-ext-400-normal-DGGRlc-M.woff2                 5.26 kB
dist/assets/inter-greek-ext-500-normal-C4iEst2y.woff2                 5.43 kB
dist/assets/inter-greek-ext-600-normal-DRtmH8MT.woff2                 5.43 kB
dist/assets/inter-greek-ext-700-normal-qfdV9bQt.woff2                 5.44 kB
dist/assets/space-grotesk-vietnamese-700-normal-Duxec5Rn.woff         5.59 kB
dist/assets/ibm-plex-mono-vietnamese-500-normal-C8zxqsMH.woff         5.62 kB
dist/assets/space-grotesk-vietnamese-600-normal-D6zpsUhD.woff         5.70 kB
dist/assets/ibm-plex-mono-vietnamese-600-normal-iLQfcSjf.woff         5.71 kB
dist/assets/space-grotesk-vietnamese-500-normal-BTqKIpxg.woff         5.72 kB
dist/assets/ibm-plex-mono-cyrillic-ext-500-normal-BIfNGwUT.woff       5.77 kB
dist/assets/ibm-plex-mono-cyrillic-ext-600-normal-9HEixskS.woff       5.79 kB
dist/assets/ibm-plex-mono-vietnamese-500-normal-DZ4AoWbu.woff2        6.04 kB
dist/assets/aws-BkxSYxeO.svg                                          6.36 kB │ gzip:     2.51 kB
dist/assets/inter-vietnamese-400-normal-Bbgyi5SW.woff                 6.50 kB
dist/assets/inter-vietnamese-500-normal-mJboJaSs.woff                 6.60 kB
dist/assets/inter-vietnamese-700-normal-BZaoP0fm.woff                 6.63 kB
dist/assets/inter-vietnamese-600-normal-BuLX-rYi.woff                 6.64 kB
dist/assets/ibm-plex-mono-vietnamese-600-normal-D2EvbN8M.woff2        6.93 kB
dist/assets/ibm-plex-mono-cyrillic-ext-500-normal-BqneJy0T.woff2      6.97 kB
dist/assets/inter-greek-ext-400-normal-KugGGMne.woff                  7.06 kB
dist/assets/inter-greek-ext-500-normal-2j5mBUwD.woff                  7.19 kB
dist/assets/ibm-plex-mono-cyrillic-500-normal-Ael50iVv.woff           7.21 kB
dist/assets/inter-greek-ext-600-normal-B8X0CLgF.woff                  7.21 kB
dist/assets/inter-greek-ext-700-normal-BoQ6DsYi.woff                  7.22 kB
dist/assets/ibm-plex-mono-cyrillic-600-normal-fLZuRloM.woff           7.27 kB
dist/assets/ibm-plex-mono-cyrillic-ext-600-normal-V-xxqcpd.woff2      7.69 kB
dist/assets/inter-cyrillic-400-normal-obahsSVq.woff2                  7.71 kB
dist/assets/inter-greek-400-normal-B4URO6DV.woff2                     7.78 kB
dist/assets/inter-cyrillic-500-normal-BasfLYem.woff2                  7.90 kB
dist/assets/inter-cyrillic-700-normal-CjBOestx.woff2                  7.90 kB
dist/assets/inter-greek-500-normal-BIZE56-Y.woff2                     7.92 kB
dist/assets/inter-greek-700-normal-C3JjAnD8.woff2                     7.92 kB
dist/assets/inter-greek-600-normal-plRanbMR.woff2                     7.94 kB
dist/assets/inter-cyrillic-600-normal-CWCymEST.woff2                  7.97 kB
dist/assets/ibm-plex-mono-cyrillic-500-normal-Bq9vWWag.woff2          8.46 kB
dist/assets/manrope-vietnamese-wght-normal-usUDDRr7.woff2             8.52 kB
dist/assets/ibm-plex-mono-cyrillic-600-normal-CTOM6hUh.woff2          9.35 kB
dist/assets/manrope-greek-wght-normal-DL7QRZyv.woff2                  9.44 kB
dist/assets/inter-cyrillic-400-normal-HOLc17fK.woff                   9.78 kB
dist/assets/inter-cyrillic-700-normal-DrXBdSj3.woff                   9.91 kB
dist/assets/inter-greek-400-normal-q2sYcFCs.woff                      9.92 kB
dist/assets/inter-cyrillic-600-normal-4D_pXhcN.woff                   9.94 kB
dist/assets/inter-cyrillic-500-normal-CxZf_p3X.woff                   9.94 kB
dist/assets/inter-greek-500-normal-Xzm54t5V.woff                      9.98 kB
dist/assets/inter-greek-700-normal-BUv2fZ6O.woff                      9.98 kB
dist/assets/inter-greek-600-normal-BZpKdvQh.woff                     10.03 kB
dist/assets/inter-cyrillic-ext-400-normal-BQZuk6qB.woff2             10.23 kB
dist/assets/inter-cyrillic-ext-500-normal-B0yAr1jD.woff2             10.43 kB
dist/assets/inter-cyrillic-ext-600-normal-Dfes3d0z.woff2             10.48 kB
dist/assets/inter-cyrillic-ext-700-normal-BjwYoWNd.woff2             10.50 kB
dist/assets/ibm-plex-mono-latin-ext-500-normal-CZ70TYgx.woff         11.77 kB
dist/assets/ibm-plex-mono-latin-ext-600-normal-DmB0ttJJ.woff         11.83 kB
dist/assets/space-grotesk-latin-ext-700-normal-BQnZhY3m.woff2        11.99 kB
dist/assets/space-grotesk-latin-ext-500-normal-DUe3BAxM.woff2        12.27 kB
dist/assets/space-grotesk-latin-ext-600-normal-DxxdqCpr.woff2        12.29 kB
dist/assets/space-grotesk-latin-700-normal-RjhwGPKo.woff2            12.84 kB
dist/assets/ibm-plex-mono-latin-500-normal-CB9ihrfo.woff             13.16 kB
dist/assets/ibm-plex-mono-latin-600-normal-DWFSQ4vo.woff             13.21 kB
dist/assets/space-grotesk-latin-600-normal-DjKNqYRj.woff2            13.28 kB
dist/assets/space-grotesk-latin-500-normal-lFbtlQH6.woff2            13.31 kB
dist/assets/inter-cyrillic-ext-400-normal-DQukG94-.woff              13.34 kB
dist/assets/inter-cyrillic-ext-700-normal-LO58E6JB.woff              13.41 kB
dist/assets/ibm-plex-mono-latin-ext-500-normal-CAhNIIs5.woff2        13.43 kB
dist/assets/inter-cyrillic-ext-500-normal-BmqWE9Dz.woff              13.45 kB
dist/assets/inter-cyrillic-ext-600-normal-Bcila6Z-.woff              13.46 kB
dist/assets/ibm-plex-mono-latin-ext-600-normal-D38SheWl.woff2        14.33 kB
dist/assets/manrope-cyrillic-wght-normal-Dvxsihut.woff2              14.50 kB
dist/assets/ibm-plex-mono-latin-500-normal-DSY6xOcd.woff2            14.89 kB
dist/assets/manrope-latin-ext-wght-normal-Ch3YOpNY.woff2             15.12 kB
dist/assets/ibm-plex-mono-latin-600-normal-BgSNZQsw.woff2            15.62 kB
dist/assets/space-grotesk-latin-700-normal-CwsQ-cCU.woff             16.42 kB
dist/assets/space-grotesk-latin-ext-700-normal-HVCqSBdx.woff         16.46 kB
dist/assets/space-grotesk-latin-ext-600-normal-VcznFIpX.woff         16.73 kB
dist/assets/space-grotesk-latin-ext-500-normal-3dgZTiw9.woff         16.79 kB
dist/assets/space-grotesk-latin-600-normal-BflQw4A9.woff             16.88 kB
dist/assets/space-grotesk-latin-500-normal-CNSSEhBt.woff             16.99 kB
dist/assets/inter-latin-400-normal-C38fXH4l.woff2                    23.66 kB
dist/assets/inter-latin-500-normal-Cerq10X2.woff2                    24.27 kB
dist/assets/inter-latin-700-normal-Yt3aPRUw.woff2                    24.36 kB
dist/assets/inter-latin-600-normal-LgqL8muc.woff2                    24.45 kB
dist/assets/manrope-latin-wght-normal-DHIcAJRg.woff2                 24.84 kB
dist/assets/inter-latin-400-normal-CyCys3Eg.woff                     30.70 kB
dist/assets/inter-latin-600-normal-CiBQ2DWP.woff                     31.26 kB
dist/assets/inter-latin-500-normal-BL9OpVg8.woff                     31.28 kB
dist/assets/inter-latin-700-normal-BLAVimhd.woff                     31.32 kB
dist/assets/eye-iris-DYHovrFK.webp                                   31.82 kB
dist/assets/inter-latin-ext-400-normal-C1nco2VV.woff2                35.00 kB
dist/assets/inter-latin-ext-500-normal-CV4jyFjo.woff2                36.02 kB
dist/assets/inter-latin-ext-700-normal-Ca8adRJv.woff2                36.24 kB
dist/assets/inter-latin-ext-600-normal-D2bJ5OIk.woff2                36.26 kB
dist/assets/eye-rail-BzXUN1LR.webp                                   37.09 kB
dist/assets/inter-latin-ext-400-normal-77YHD8bZ.woff                 47.56 kB
dist/assets/inter-latin-ext-500-normal-BxGbmqWO.woff                 48.49 kB
dist/assets/inter-latin-ext-700-normal-TidjK2hL.woff                 48.63 kB
dist/assets/inter-latin-ext-600-normal-CIVaiw4L.woff                 48.67 kB
dist/assets/index-BezuG2ri.css                                      310.61 kB │ gzip:    55.95 kB
dist/assets/GeoTopologyMap-tjHrw3Ob.js                                5.02 kB │ gzip:     2.25 kB
dist/assets/world-110m.geo-DxtT6tFy.js                              170.36 kB │ gzip:    55.66 kB
dist/assets/SigmaTopologyView-BUZzV-vu.js                           182.20 kB │ gzip:    45.79 kB
dist/assets/index-D725bfu8.js                                     4,423.06 kB │ gzip: 1,328.83 kB

(!) Some chunks are larger than 500 kB after minification. Consider:
- Using dynamic import() to code-split the application
- Use build.rollupOptions.output.manualChunks to improve chunking: https://rollupjs.org/configuration-options/#output-manualchunks
- Adjust chunk size limit for this warning via build.chunkSizeWarningLimit.
✓ built in 42.84s
-- docker compose build
 Image netops-api Building 
 Image netops-nginx Building 
 Image netops-correlation Building 
 Image netops-prober Building 
 Image netops-cloud-ingest Building 
 Image netops-frontend Building 
 Image netops-api Built 
 Image netops-cloud-ingest Built 
 Image netops-correlation Built 
 Image netops-nginx Built 
 Image netops-frontend Built 
 Image netops-prober Built 
-- resolving image list
   17 base images
   licensing guards passed (kafka+valkey in; redpanda/redis/prometheus out)
-- docker save (base) -> /home/rao/Projects/NetOps_Observability/NetOps_Observability/dist/correlix-2026.07.17-gfd8a7d7/correlix-images-core-2026.07.17-gfd8a7d7.tar.zst
   archive tag check: 17 images, all tagged
-- docker save (addon log-search-ui) -> /home/rao/Projects/NetOps_Observability/NetOps_Observability/dist/correlix-2026.07.17-gfd8a7d7/correlix-addon-log-search-ui-2026.07.17-gfd8a7d7.tar.zst
   archive tag check: 1 images, all tagged
-- docker save (addon self-monitoring) -> /home/rao/Projects/NetOps_Observability/NetOps_Observability/dist/correlix-2026.07.17-gfd8a7d7/correlix-addon-self-monitoring-2026.07.17-gfd8a7d7.tar.zst
   archive tag check: 3 images, all tagged
-- git archive -> /home/rao/Projects/NetOps_Observability/NetOps_Observability/dist/correlix-2026.07.17-gfd8a7d7/correlix-source-2026.07.17-gfd8a7d7.tar.gz
== done
   4.0K	/home/rao/Projects/NetOps_Observability/NetOps_Observability/dist/correlix-2026.07.17-gfd8a7d7/ADVANCED.md
   427M	/home/rao/Projects/NetOps_Observability/NetOps_Observability/dist/correlix-2026.07.17-gfd8a7d7/correlix-addon-log-search-ui-2026.07.17-gfd8a7d7.tar.zst
   166M	/home/rao/Projects/NetOps_Observability/NetOps_Observability/dist/correlix-2026.07.17-gfd8a7d7/correlix-addon-self-monitoring-2026.07.17-gfd8a7d7.tar.zst
   1.9G	/home/rao/Projects/NetOps_Observability/NetOps_Observability/dist/correlix-2026.07.17-gfd8a7d7/correlix-images-core-2026.07.17-gfd8a7d7.tar.zst
   23M	/home/rao/Projects/NetOps_Observability/NetOps_Observability/dist/correlix-2026.07.17-gfd8a7d7/correlix-source-2026.07.17-gfd8a7d7.tar.gz
   28K	/home/rao/Projects/NetOps_Observability/NetOps_Observability/dist/correlix-2026.07.17-gfd8a7d7/install-correlix.sh
   4.0K	/home/rao/Projects/NetOps_Observability/NetOps_Observability/dist/correlix-2026.07.17-gfd8a7d7/LICENSES.md
   4.0K	/home/rao/Projects/NetOps_Observability/NetOps_Observability/dist/correlix-2026.07.17-gfd8a7d7/MANIFEST
   12K	/home/rao/Projects/NetOps_Observability/NetOps_Observability/dist/correlix-2026.07.17-gfd8a7d7/prepare-host.sh
   4.0K	/home/rao/Projects/NetOps_Observability/NetOps_Observability/dist/correlix-2026.07.17-gfd8a7d7/README.md
   4.0K	/home/rao/Projects/NetOps_Observability/NetOps_Observability/dist/correlix-2026.07.17-gfd8a7d7/SHA256SUMS
   4.0K	/home/rao/Projects/NetOps_Observability/NetOps_Observability/dist/correlix-2026.07.17-gfd8a7d7/TROUBLESHOOTING.md
